Archive member included to satisfy reference by file (symbol)

D:/Uni/SEGGER/SEGGER Embedded Studio for RISC-V 6.22a/lib/libc_rv32i_balanced.a(intasmops_rv.o)
                              Output/Release/Obj/de2_115_test/neorv32_neoled.o (__mulsi3)
D:/Uni/SEGGER/SEGGER Embedded Studio for RISC-V 6.22a/lib/libc_rv32i_balanced.a(intops.o)
                              Output/Release/Obj/de2_115_test/neorv32_cpu.o (__muldi3)
D:/Uni/SEGGER/SEGGER Embedded Studio for RISC-V 6.22a/lib/libc_rv32i_balanced.a(prinops.o)
                              Output/Release/Obj/de2_115_test/main.o (printf)
D:/Uni/SEGGER/SEGGER Embedded Studio for RISC-V 6.22a/lib/libc_rv32i_balanced.a(__SEGGER_RTL_vfprintf_int_nwp.o)
                              (__SEGGER_RTL_vfprintf_int_nwp)
D:/Uni/SEGGER/SEGGER Embedded Studio for RISC-V 6.22a/lib/libc_rv32i_balanced.a(__SEGGER_RTL_vfscanf_int.o)
                              (__SEGGER_RTL_vfscanf_int)
D:/Uni/SEGGER/SEGGER Embedded Studio for RISC-V 6.22a/lib/libc_rv32i_balanced.a(fileops.o)
                              D:/Uni/SEGGER/SEGGER Embedded Studio for RISC-V 6.22a/lib/libc_rv32i_balanced.a(prinops.o) (fwrite)
D:/Uni/SEGGER/SEGGER Embedded Studio for RISC-V 6.22a/lib/libc_rv32i_balanced.a(heapops.o)
                              D:/Uni/SEGGER/SEGGER Embedded Studio for RISC-V 6.22a/lib/libc_rv32i_balanced.a(prinops.o) (free)
D:/Uni/SEGGER/SEGGER Embedded Studio for RISC-V 6.22a/lib/libc_rv32i_balanced.a(mbops.o)
                              D:/Uni/SEGGER/SEGGER Embedded Studio for RISC-V 6.22a/lib/libc_rv32i_balanced.a(prinops.o) (__SEGGER_RTL_init_mbstate)
D:/Uni/SEGGER/SEGGER Embedded Studio for RISC-V 6.22a/lib/libc_rv32i_balanced.a(sortops.o)
                              D:/Uni/SEGGER/SEGGER Embedded Studio for RISC-V 6.22a/lib/libc_rv32i_balanced.a(mbops.o) (bsearch)
D:/Uni/SEGGER/SEGGER Embedded Studio for RISC-V 6.22a/lib/libc_rv32i_balanced.a(strops.o)
                              D:/Uni/SEGGER/SEGGER Embedded Studio for RISC-V 6.22a/lib/libc_rv32i_balanced.a(prinops.o) (memcpy)
D:/Uni/SEGGER/SEGGER Embedded Studio for RISC-V 6.22a/lib/libc_rv32i_balanced.a(timeops.o)
                              D:/Uni/SEGGER/SEGGER Embedded Studio for RISC-V 6.22a/lib/libc_rv32i_balanced.a(mbops.o) (__SEGGER_RTL_string_list_encode)
D:/Uni/SEGGER/SEGGER Embedded Studio for RISC-V 6.22a/lib/libc_rv32i_balanced.a(utilops.o)
                              D:/Uni/SEGGER/SEGGER Embedded Studio for RISC-V 6.22a/lib/libc_rv32i_balanced.a(__SEGGER_RTL_vfscanf_int.o) (__SEGGER_RTL_digit)
D:/Uni/SEGGER/SEGGER Embedded Studio for RISC-V 6.22a/lib/libc_rv32i_balanced.a(floatasmops_rv.o)
                              D:/Uni/SEGGER/SEGGER Embedded Studio for RISC-V 6.22a/lib/libc_rv32i_balanced.a(utilops.o) (__mulsf3)
D:/Uni/SEGGER/SEGGER Embedded Studio for RISC-V 6.22a/lib/libc_rv32i_balanced.a(strasmops_rv.o)
                              D:/Uni/SEGGER/SEGGER Embedded Studio for RISC-V 6.22a/lib/libc_rv32i_balanced.a(strops.o) (strcpy)
D:/Uni/SEGGER/SEGGER Embedded Studio for RISC-V 6.22a/lib/libc_rv32i_balanced.a(errno.o)
                              D:/Uni/SEGGER/SEGGER Embedded Studio for RISC-V 6.22a/lib/libc_rv32i_balanced.a(fileops.o) (__SEGGER_RTL_X_errno_addr)
D:/Uni/SEGGER/SEGGER Embedded Studio for RISC-V 6.22a/lib/prinops_semihost_rv32i_balanced.a(fileops_semi.o)
                              D:/Uni/SEGGER/SEGGER Embedded Studio for RISC-V 6.22a/lib/libc_rv32i_balanced.a(fileops.o) (__SEGGER_RTL_X_file_stat)
D:/Uni/SEGGER/SEGGER Embedded Studio for RISC-V 6.22a/lib/prinops_semihost_rv32i_balanced.a(SEGGER_SEMIHOST.o)
                              D:/Uni/SEGGER/SEGGER Embedded Studio for RISC-V 6.22a/lib/prinops_semihost_rv32i_balanced.a(fileops_semi.o) (SEGGER_SEMIHOST_Open)
D:/Uni/SEGGER/SEGGER Embedded Studio for RISC-V 6.22a/lib/prinops_semihost_rv32i_balanced.a(SEGGER_SEMIHOST_Generic.o)
                              D:/Uni/SEGGER/SEGGER Embedded Studio for RISC-V 6.22a/lib/prinops_semihost_rv32i_balanced.a(SEGGER_SEMIHOST.o) (SEGGER_SEMIHOST_X_Request)
D:/Uni/SEGGER/SEGGER Embedded Studio for RISC-V 6.22a/lib/heapops_basic_rv32i_balanced.a(heapops_basic.o)
                              D:/Uni/SEGGER/SEGGER Embedded Studio for RISC-V 6.22a/lib/libc_rv32i_balanced.a(heapops.o) (__SEGGER_RTL_alloc)

Discarded input sections

 .text          0x0000000000000000        0x0 Output/Release/Obj/de2_115_test/main.o
 .data          0x0000000000000000        0x0 Output/Release/Obj/de2_115_test/main.o
 .bss           0x0000000000000000        0x0 Output/Release/Obj/de2_115_test/main.o
 .text          0x0000000000000000        0x0 Output/Release/Obj/de2_115_test/neorv32_cfs.o
 .data          0x0000000000000000        0x0 Output/Release/Obj/de2_115_test/neorv32_cfs.o
 .bss           0x0000000000000000        0x0 Output/Release/Obj/de2_115_test/neorv32_cfs.o
 .text.neorv32_cfs_available
                0x0000000000000000       0x10 Output/Release/Obj/de2_115_test/neorv32_cfs.o
[...]
Memory Configuration

Name             Origin             Length             Attributes
UNPLACED_SECTIONS 0x0000000100000000 0x0000000000000000 xw
FLASH1           0x0000000000000000 0x0000000000100000 xr
RAM1             0x0000000020000000 0x0000000000010000 xw
*default*        0x0000000000000000 0xffffffffffffffff

Linker script and memory map

                0x0000000000000000                __SEGGER_RTL_vfprintf = __SEGGER_RTL_vfprintf_int_nwp
                0x0000000000000000                __SEGGER_RTL_vfscanf = __SEGGER_RTL_vfscanf_int
                0x0000000000000000                __FLASH1_segment_start__ = 0x0
                0x0000000000100000                __FLASH1_segment_end__ = 0x100000
                0x0000000000100000                __FLASH1_segment_size__ = 0x100000
                0x0000000020000000                __RAM1_segment_start__ = 0x20000000
                0x0000000020010000                __RAM1_segment_end__ = 0x20010000
                0x0000000000010000                __RAM1_segment_size__ = 0x10000
                0x0000000000000400                __HEAPSIZE__ = 0x400
                0x0000000000000400                __STACKSIZE__ = 0x400
                0x0000000000000000                __vectors_load_start__ = __FLASH1_segment_start__

.vectors        0x0000000000000000        0x0
                0x0000000000000000                __vectors_start__ = .
 *(.vectors .vectors.*)
                0x0000000000000000                __vectors_end__ = (__vectors_start__ + SIZEOF (.vectors))
                0x0000000000000000                __vectors_size__ = SIZEOF (.vectors)
                0x0000000000000000                __vectors_load_end__ = __vectors_end__
                0x0000000000000001                . = ASSERT (((__vectors_start__ == __vectors_end__) || ((__vectors_end__ - __FLASH1_segment_start__) <= __FLASH1_segment_size__)), error: .vectors is too large to fit in FLASH1 memory segment)
                0x0000000000000000                __init_load_start__ = ALIGN (__vectors_end__, 0x4)

.init           0x0000000000000000      0x1d8
                0x0000000000000000                __init_start__ = .
 *(.init .init.*)
 .init          0x0000000000000000      0x1d8 Output/Release/Obj/de2_115_test/riscv_crt0.o
                0x0000000000000000                _start
                0x0000000000000198                start
                0x00000000000001c8                exit
                0x00000000000001d8                __init_end__ = (__init_start__ + SIZEOF (.init))
                0x00000000000001d8                __init_size__ = SIZEOF (.init)
                0x00000000000001d8                __init_load_end__ = __init_end__
                0x0000000000000001                . = ASSERT (((__init_start__ == __init_end__) || ((__init_end__ - __FLASH1_segment_start__) <= __FLASH1_segment_size__)), error: .init is too large to fit in FLASH1 memory segment)
                0x00000000000001d8                __init_rodata_load_start__ = ALIGN (__init_end__, 0x4)

.init_rodata    0x00000000000001d8        0x0
                0x00000000000001d8                __init_rodata_start__ = .
 *(.init_rodata .init_rodata.*)
                0x00000000000001d8                __init_rodata_end__ = (__init_rodata_start__ + SIZEOF (.init_rodata))
                0x0000000000000000                __init_rodata_size__ = SIZEOF (.init_rodata)
                0x00000000000001d8                __init_rodata_load_end__ = __init_rodata_end__
                0x0000000000000001                . = ASSERT (((__init_rodata_start__ == __init_rodata_end__) || ((__init_rodata_end__ - __FLASH1_segment_start__) <= __FLASH1_segment_size__)), error: .init_rodata is too large to fit in FLASH1 memory segment)
                0x00000000000001d8                __text_load_start__ = ALIGN (__init_rodata_end__, 0x4)

.text           0x00000000000001d8      0x178
                0x00000000000001d8                __text_start__ = .
 *(.text .text.* .gnu.linkonce.t.*)
 .text.startup.main
                0x00000000000001d8       0x34 Output/Release/Obj/de2_115_test/main.o
                0x00000000000001d8                main
 .text.trap_entry
                0x000000000000020c       0xb0 Output/Release/Obj/de2_115_test/riscv_crt0.o
                0x000000000000020c                trap_entry
                0x00000000000002b0                handle_trap
                0x00000000000002b4                _init
                0x00000000000002b8                _fini
 .text.SEGGER_SEMIHOST_Writef
                0x00000000000002bc       0x30 D:/Uni/SEGGER/SEGGER Embedded Studio for RISC-V 6.22a/lib/prinops_semihost_rv32i_balanced.a(SEGGER_SEMIHOST.o)
                0x00000000000002bc                SEGGER_SEMIHOST_Writef
 .text.SEGGER_SEMIHOST_DebugHalt
                0x00000000000002ec        0x4 D:/Uni/SEGGER/SEGGER Embedded Studio for RISC-V 6.22a/lib/prinops_semihost_rv32i_balanced.a(SEGGER_SEMIHOST.o)
                0x00000000000002ec                SEGGER_SEMIHOST_DebugHalt
 .text.SEGGER_SEMIHOST_X_Request
                0x00000000000002f0        0x4 D:/Uni/SEGGER/SEGGER Embedded Studio for RISC-V 6.22a/lib/prinops_semihost_rv32i_balanced.a(SEGGER_SEMIHOST_Generic.o)
                0x00000000000002f0                SEGGER_SEMIHOST_X_Request
 .text.printf   0x00000000000002f4       0x40 D:/Uni/SEGGER/SEGGER Embedded Studio for RISC-V 6.22a/lib/prinops_semihostformatted_rv32i_balanced.o
                0x00000000000002f4                printf
 .text.__SEGGER_RTL_init_heap
                0x0000000000000334       0x1c D:/Uni/SEGGER/SEGGER Embedded Studio for RISC-V 6.22a/lib/heapops_basic_rv32i_balanced.a(heapops_basic.o)
                0x0000000000000334                __SEGGER_RTL_init_heap
                0x0000000000000350                __text_end__ = (__text_start__ + SIZEOF (.text))
                0x0000000000000178                __text_size__ = SIZEOF (.text)
                0x0000000000000350                __text_load_end__ = __text_end__
                0x0000000000000001                . = ASSERT (((__text_start__ == __text_end__) || ((__text_end__ - __FLASH1_segment_start__) <= __FLASH1_segment_size__)), error: .text is too large to fit in FLASH1 memory segment)
                0x0000000000000350                __dtors_load_start__ = ALIGN (__text_end__, 0x8)

.dtors          0x0000000000000350        0x0
                0x0000000000000350                __dtors_start__ = .
 *(SORT_BY_NAME(.dtors.*))
 *(.dtors)
 *(.fini_array)
 *(SORT_BY_NAME(.fini_array.*))
                0x0000000000000350                __dtors_end__ = (__dtors_start__ + SIZEOF (.dtors))
                0x0000000000000000                __dtors_size__ = SIZEOF (.dtors)
                0x0000000000000350                __dtors_load_end__ = __dtors_end__
                0x0000000000000001                . = ASSERT (((__dtors_start__ == __dtors_end__) || ((__dtors_end__ - __FLASH1_segment_start__) <= __FLASH1_segment_size__)), error: .dtors is too large to fit in FLASH1 memory segment)
                0x0000000000000350                __ctors_load_start__ = ALIGN (__dtors_end__, 0x8)

.ctors          0x0000000000000350        0x0
                0x0000000000000350                __ctors_start__ = .
 *(SORT_BY_NAME(.ctors.*))
 *(.ctors)
 *(.init_array)
 *(SORT_BY_NAME(.init_array.*))
                0x0000000000000350                __ctors_end__ = (__ctors_start__ + SIZEOF (.ctors))
                0x0000000000000000                __ctors_size__ = SIZEOF (.ctors)
                0x0000000000000350                __ctors_load_end__ = __ctors_end__
                0x0000000000000001                . = ASSERT (((__ctors_start__ == __ctors_end__) || ((__ctors_end__ - __FLASH1_segment_start__) <= __FLASH1_segment_size__)), error: .ctors is too large to fit in FLASH1 memory segment)
                0x0000000000000350                __rodata_load_start__ = ALIGN (__ctors_end__, 0x4)

.rodata         0x0000000000000350       0x11
                0x0000000000000350                __rodata_start__ = .
 *(.rodata .rodata.* .gnu.linkonce.r.*)
 .rodata.main.str1.4
                0x0000000000000350       0x11 Output/Release/Obj/de2_115_test/main.o
                0x0000000000000361                __rodata_end__ = (__rodata_start__ + SIZEOF (.rodata))
                0x0000000000000011                __rodata_size__ = SIZEOF (.rodata)
                0x0000000000000361                __rodata_load_end__ = __rodata_end__

.rela.dyn       0x0000000000000000        0x0
 .rela.init     0x0000000000000000        0x0 Output/Release/Obj/de2_115_test/main.o
 .rela.text.trap_entry
                0x0000000000000000        0x0 Output/Release/Obj/de2_115_test/main.o
                0x0000000000000001                . = ASSERT (((__rodata_start__ == __rodata_end__) || ((__rodata_end__ - __FLASH1_segment_start__) <= __FLASH1_segment_size__)), error: .rodata is too large to fit in FLASH1 memory segment)
                0x0000000000000364                __srodata_load_start__ = ALIGN (__rodata_end__, 0x4)

.srodata        0x0000000000000364        0x0
                0x0000000000000364                __srodata_start__ = .
 *(.srodata .srodata.*)
                0x0000000000000364                __srodata_end__ = (__srodata_start__ + SIZEOF (.srodata))
                0x0000000000000000                __srodata_size__ = SIZEOF (.srodata)
                0x0000000000000364                __srodata_load_end__ = __srodata_end__
                0x0000000000000001                . = ASSERT (((__srodata_start__ == __srodata_end__) || ((__srodata_end__ - __FLASH1_segment_start__) <= __FLASH1_segment_size__)), error: .srodata is too large to fit in FLASH1 memory segment)
                0x0000000000000364                __eh_frame_load_start__ = ALIGN (__srodata_end__, 0x4)

.eh_frame       0x0000000000000364        0x0
                0x0000000000000364                __eh_frame_start__ = .
 *(.eh_frame .eh_frame.*)
                0x0000000000000364                __eh_frame_end__ = (__eh_frame_start__ + SIZEOF (.eh_frame))
                0x0000000000000000                __eh_frame_size__ = SIZEOF (.eh_frame)
                0x0000000000000364                __eh_frame_load_end__ = __eh_frame_end__
                0x0000000000000001                . = ASSERT (((__eh_frame_start__ == __eh_frame_end__) || ((__eh_frame_end__ - __FLASH1_segment_start__) <= __FLASH1_segment_size__)), error: .eh_frame is too large to fit in FLASH1 memory segment)
                0x0000000000000364                __gcc_except_table_load_start__ = ALIGN (__eh_frame_end__, 0x4)

.gcc_except_table
                0x0000000000000364        0x0
                0x0000000000000364                __gcc_except_table_start__ = .
 *(.gcc_except_table .gcc_except_table.*)
                0x0000000000000364                __gcc_except_table_end__ = (__gcc_except_table_start__ + SIZEOF (.gcc_except_table))
                0x0000000000000000                __gcc_except_table_size__ = SIZEOF (.gcc_except_table)
                0x0000000000000364                __gcc_except_table_load_end__ = __gcc_except_table_end__
                0x0000000000000001                . = ASSERT (((__gcc_except_table_start__ == __gcc_except_table_end__) || ((__gcc_except_table_end__ - __FLASH1_segment_start__) <= __FLASH1_segment_size__)), error: .gcc_except_table is too large to fit in FLASH1 memory segment)
                0x0000000000000364                __exec.itable_load_start__ = ALIGN (__gcc_except_table_end__, 0x4)

.exec.itable    0x0000000000000364        0x0
                0x0000000000000364                __exec.itable_start__ = .
 *(.exec.itable .exec.itable.*)
                0x0000000000000364                __exec.itable_end__ = (__exec.itable_start__ + SIZEOF (.exec.itable))
                0x0000000000000000                __exec.itable_size__ = SIZEOF (.exec.itable)
                0x0000000000000364                __exec.itable_load_end__ = __exec.itable_end__
                0x0000000000000001                . = ASSERT (((__exec.itable_start__ == __exec.itable_end__) || ((__exec.itable_end__ - __FLASH1_segment_start__) <= __FLASH1_segment_size__)), error: .exec.itable is too large to fit in FLASH1 memory segment)
                0x0000000000000364                __fast_load_start__ = ALIGN (__exec.itable_end__, 0x4)

.fast           0x0000000020000000        0x0 load address 0x0000000000000364
                0x0000000020000000                __fast_start__ = .
 *(.fast .fast.*)
                0x0000000020000000                __fast_end__ = (__fast_start__ + SIZEOF (.fast))
                0x0000000000000000                __fast_size__ = SIZEOF (.fast)
                0x0000000000000364                __fast_load_end__ = (__fast_load_start__ + SIZEOF (.fast))
                0x0000000000000001                . = ASSERT (((__fast_load_start__ == __fast_load_end__) || ((__fast_load_end__ - __FLASH1_segment_start__) <= __FLASH1_segment_size__)), error: .fast is too large to fit in FLASH1 memory segment)

.fast_run       0x0000000020000000        0x0
                0x0000000020000000                __fast_run_start__ = .
                0x0000000020000000                __fast_run_end__ = (__fast_run_start__ + SIZEOF (.fast))
                0x0000000000000000                __fast_run_size__ = (__fast_run_end__ - __fast_run_start__)
                0x0000000020000000                __fast_run_load_end__ = __fast_run_end__
                0x0000000000000001                . = ASSERT (((__fast_run_start__ == __fast_run_end__) || ((__fast_run_end__ - __RAM1_segment_start__) <= __RAM1_segment_size__)), error: .fast_run is too large to fit in RAM1 memory segment)
                0x0000000000000364                __data_load_start__ = ALIGN ((__fast_load_start__ + SIZEOF (.fast)), 0x4)

.data           0x0000000020000000        0x0 load address 0x0000000000000364
                0x0000000020000000                __data_start__ = .
 *(.data .data.* .gnu.linkonce.d.*)
                0x0000000020000000                __data_end__ = (__data_start__ + SIZEOF (.data))
                0x0000000000000000                __data_size__ = SIZEOF (.data)
                0x0000000000000364                __data_load_end__ = (__data_load_start__ + SIZEOF (.data))
                0x0000000000000001                . = ASSERT (((__data_load_start__ == __data_load_end__) || ((__data_load_end__ - __FLASH1_segment_start__) <= __FLASH1_segment_size__)), error: .data is too large to fit in FLASH1 memory segment)

.data_run       0x0000000020000000        0x0
                0x0000000020000000                __data_run_start__ = .
                0x0000000020000000                __data_run_end__ = (__data_run_start__ + SIZEOF (.data))
                0x0000000000000000                __data_run_size__ = (__data_run_end__ - __data_run_start__)
                0x0000000020000000                __data_run_load_end__ = __data_run_end__
                0x0000000000000001                . = ASSERT (((__data_run_start__ == __data_run_end__) || ((__data_run_end__ - __RAM1_segment_start__) <= __RAM1_segment_size__)), error: .data_run is too large to fit in RAM1 memory segment)
                0x0000000000000364                __tdata_load_start__ = ALIGN ((__data_load_start__ + SIZEOF (.data)), 0x4)

.tdata          0x0000000020000000        0x0 load address 0x0000000000000364
                0x0000000020000000                __tdata_start__ = .
 *(.tdata .tdata.*)
                0x0000000020000000                __tdata_end__ = (__tdata_start__ + SIZEOF (.tdata))
                0x0000000000000000                __tdata_size__ = SIZEOF (.tdata)
                0x0000000000000364                __tdata_load_end__ = (__tdata_load_start__ + SIZEOF (.tdata))
                0x0000000000000001                . = ASSERT (((__tdata_load_start__ == __tdata_load_end__) || ((__tdata_load_end__ - __FLASH1_segment_start__) <= __FLASH1_segment_size__)), error: .tdata is too large to fit in FLASH1 memory segment)

.tdata_run      0x0000000020000000        0x0
                0x0000000020000000                __tdata_run_start__ = .
                0x0000000020000000                __tdata_run_end__ = (__tdata_run_start__ + SIZEOF (.tdata))
                0x0000000000000000                __tdata_run_size__ = (__tdata_run_end__ - __tdata_run_start__)
                0x0000000020000000                __tdata_run_load_end__ = __tdata_run_end__
                0x0000000000000001                . = ASSERT (((__tdata_run_start__ == __tdata_run_end__) || ((__tdata_run_end__ - __RAM1_segment_start__) <= __RAM1_segment_size__)), error: .tdata_run is too large to fit in RAM1 memory segment)
                0x0000000020000000                __bss_load_start__ = ALIGN (__tdata_run_end__, 0x4)

.bss            0x0000000020000000        0x0
                0x0000000020000000                __bss_start__ = .
 *(.bss .bss.* .gnu.linkonce.b.*)
 *(COMMON)
                0x0000000020000000                __bss_end__ = (__bss_start__ + SIZEOF (.bss))
                0x0000000000000000                __bss_size__ = SIZEOF (.bss)
                0x0000000020000000                __bss_load_end__ = __bss_end__
                0x0000000000000001                . = ASSERT (((__bss_start__ == __bss_end__) || ((__bss_end__ - __RAM1_segment_start__) <= __RAM1_segment_size__)), error: .bss is too large to fit in RAM1 memory segment)
                0x0000000020000000                __tbss_load_start__ = ALIGN (__bss_end__, 0x4)

.tbss           0x0000000020000000        0x0
                0x0000000020000000                __tbss_start__ = .
 *(.tbss .tbss.*)
                0x0000000020000000                __tbss_end__ = (__tbss_start__ + SIZEOF (.tbss))
                0x0000000000000000                __tbss_size__ = SIZEOF (.tbss)
                0x0000000020000000                __tbss_load_end__ = __tbss_end__
                0x0000000000000001                . = ASSERT (((__tbss_start__ == __tbss_end__) || ((__tbss_end__ - __RAM1_segment_start__) <= __RAM1_segment_size__)), error: .tbss is too large to fit in RAM1 memory segment)
                0x0000000000000364                __sdata_load_start__ = ALIGN ((__tdata_load_start__ + SIZEOF (.tdata)), 0x4)

.sdata          0x0000000020000000        0x0 load address 0x0000000000000364
                0x0000000020000000                __sdata_start__ = .
 *(.sdata.* .sdata2.*)
                0x0000000020000000                __sdata_end__ = (__sdata_start__ + SIZEOF (.sdata))
                0x0000000000000000                __sdata_size__ = SIZEOF (.sdata)
                0x0000000000000364                __sdata_load_end__ = (__sdata_load_start__ + SIZEOF (.sdata))
                0x0000000000000364                __FLASH1_segment_used_end__ = (ALIGN ((__tdata_load_start__ + SIZEOF (.tdata)), 0x4) + SIZEOF (.sdata))
                0x0000000000000364                __FLASH1_segment_used_size__ = (__FLASH1_segment_used_end__ - __FLASH1_segment_start__)
                0x0000000000000001                . = ASSERT (((__sdata_load_start__ == __sdata_load_end__) || ((__sdata_load_end__ - __FLASH1_segment_start__) <= __FLASH1_segment_size__)), error: .sdata is too large to fit in FLASH1 memory segment)

.sdata_run      0x0000000020000000        0x0
                0x0000000020000000                __sdata_run_start__ = .
                0x0000000020000000                __sdata_run_end__ = (__sdata_run_start__ + SIZEOF (.sdata))
                0x0000000000000000                __sdata_run_size__ = (__sdata_run_end__ - __sdata_run_start__)
                0x0000000020000000                __sdata_run_load_end__ = __sdata_run_end__
                0x0000000000000001                . = ASSERT (((__sdata_run_start__ == __sdata_run_end__) || ((__sdata_run_end__ - __RAM1_segment_start__) <= __RAM1_segment_size__)), error: .sdata_run is too large to fit in RAM1 memory segment)
                0x0000000020000000                __sbss_load_start__ = ALIGN (__sdata_run_end__, 0x4)

.sbss           0x0000000020000000        0x4
                0x0000000020000000                __sbss_start__ = .
 *(.sbss .sbss.*)
 .sbss.__SEGGER_RTL_heap_globals
                0x0000000020000000        0x4 D:/Uni/SEGGER/SEGGER Embedded Studio for RISC-V 6.22a/lib/heapops_basic_rv32i_balanced.a(heapops_basic.o)
                0x0000000020000004                __sbss_end__ = (__sbss_start__ + SIZEOF (.sbss))
                0x0000000000000004                __sbss_size__ = SIZEOF (.sbss)
                0x0000000020000004                __sbss_load_end__ = __sbss_end__
                0x0000000000000001                . = ASSERT (((__sbss_start__ == __sbss_end__) || ((__sbss_end__ - __RAM1_segment_start__) <= __RAM1_segment_size__)), error: .sbss is too large to fit in RAM1 memory segment)
                0x0000000020000004                __non_init_load_start__ = ALIGN (__sbss_end__, 0x4)

.non_init       0x0000000020000004        0x0
                0x0000000020000004                __non_init_start__ = .
 *(.non_init .non_init.*)
                0x0000000020000004                __non_init_end__ = (__non_init_start__ + SIZEOF (.non_init))
                0x0000000000000000                __non_init_size__ = SIZEOF (.non_init)
                0x0000000020000004                __non_init_load_end__ = __non_init_end__
                0x0000000000000001                . = ASSERT (((__non_init_start__ == __non_init_end__) || ((__non_init_end__ - __RAM1_segment_start__) <= __RAM1_segment_size__)), error: .non_init is too large to fit in RAM1 memory segment)
                0x0000000020000010                __heap_load_start__ = ALIGN (__non_init_end__, 0x10)

.heap           0x0000000020000010      0x400
                0x0000000020000010                __heap_start__ = .
 *(.heap .heap.*)
                0x0000000020000410                . = ALIGN (MAX ((__heap_start__ + __HEAPSIZE__), .), 0x10)
 *fill*         0x0000000020000010      0x400 
                0x0000000020000410                __heap_end__ = (__heap_start__ + SIZEOF (.heap))
                0x0000000000000400                __heap_size__ = SIZEOF (.heap)
                0x0000000020000410                __heap_load_end__ = __heap_end__
                0x0000000000000001                . = ASSERT (((__heap_start__ == __heap_end__) || ((__heap_end__ - __RAM1_segment_start__) <= __RAM1_segment_size__)), error: .heap is too large to fit in RAM1 memory segment)
                0x000000002000fc00                __stack_load_start__ = (__RAM1_segment_start__ + (__RAM1_segment_size__ - 0x400))

.stack          0x000000002000fc00      0x400
                0x000000002000fc00                __stack_start__ = .
 *(.stack .stack.*)
                0x0000000020010000                . = ALIGN (MAX ((__stack_start__ + __STACKSIZE__), .), 0x4)
 *fill*         0x000000002000fc00      0x400 
                0x0000000020010000                __stack_end__ = (__stack_start__ + SIZEOF (.stack))
                0x0000000000000400                __stack_size__ = SIZEOF (.stack)
                0x0000000020010000                __stack_load_end__ = __stack_end__
                0x0000000020010000                __RAM1_segment_used_end__ = ((__RAM1_segment_start__ + (__RAM1_segment_size__ - 0x400)) + SIZEOF (.stack))
                0x0000000000010000                __RAM1_segment_used_size__ = (__RAM1_segment_used_end__ - __RAM1_segment_start__)
                0x0000000000000001                . = ASSERT (((__stack_start__ == __stack_end__) || ((__stack_end__ - __RAM1_segment_start__) <= __RAM1_segment_size__)), error: .stack is too large to fit in RAM1 memory segment)
                0x0000000000000001                . = ASSERT ((__heap_end__ <= __stack_start__), error: section .heap overlaps absolute placed section .stack)
START GROUP
LOAD Output/Release/Obj/de2_115_test/main.o
LOAD Output/Release/Obj/de2_115_test/neorv32_cfs.o
LOAD Output/Release/Obj/de2_115_test/neorv32_cpu.o
LOAD Output/Release/Obj/de2_115_test/neorv32_gpio.o
LOAD Output/Release/Obj/de2_115_test/neorv32_gptmr.o
LOAD Output/Release/Obj/de2_115_test/neorv32_mtime.o
LOAD Output/Release/Obj/de2_115_test/neorv32_neoled.o
LOAD Output/Release/Obj/de2_115_test/neorv32_pwm.o
LOAD Output/Release/Obj/de2_115_test/neorv32_rte.o
LOAD Output/Release/Obj/de2_115_test/neorv32_slink.o
LOAD Output/Release/Obj/de2_115_test/neorv32_spi.o
LOAD Output/Release/Obj/de2_115_test/neorv32_trng.o
LOAD Output/Release/Obj/de2_115_test/neorv32_twi.o
LOAD Output/Release/Obj/de2_115_test/neorv32_uart.o
LOAD Output/Release/Obj/de2_115_test/neorv32_wdt.o
LOAD Output/Release/Obj/de2_115_test/neorv32_xirq.o
LOAD Output/Release/Obj/de2_115_test/riscv_crt0.o
LOAD D:/Uni/SEGGER/SEGGER Embedded Studio for RISC-V 6.22a/lib/libc_rv32i_balanced.a
LOAD D:/Uni/SEGGER/SEGGER Embedded Studio for RISC-V 6.22a/lib/prinops_semihost_rv32i_balanced.a
LOAD D:/Uni/SEGGER/SEGGER Embedded Studio for RISC-V 6.22a/lib/prinops_semihostformatted_rv32i_balanced.o
LOAD D:/Uni/SEGGER/SEGGER Embedded Studio for RISC-V 6.22a/lib/heapops_basic_rv32i_balanced.a
END GROUP
OUTPUT(D:/Uni/GitHub Repos/neorv32/neorv32-examples/de2-115/test/sw/Output/Release/Exe/de2_115_test.elf elf32-littleriscv)

.debug_frame    0x0000000000000000       0x34
 .debug_frame   0x0000000000000000       0x34 Output/Release/Obj/de2_115_test/main.o

.debug_info     0x0000000000000000       0xb9
 .debug_info    0x0000000000000000       0x97 Output/Release/Obj/de2_115_test/main.o
 .debug_info    0x0000000000000097       0x22 Output/Release/Obj/de2_115_test/riscv_crt0.o

.debug_abbrev   0x0000000000000000       0x98
 .debug_abbrev  0x0000000000000000       0x86 Output/Release/Obj/de2_115_test/main.o
 .debug_abbrev  0x0000000000000086       0x12 Output/Release/Obj/de2_115_test/riscv_crt0.o

.debug_loc      0x0000000000000000       0x42
 .debug_loc     0x0000000000000000       0x42 Output/Release/Obj/de2_115_test/main.o

.debug_pubnames
                0x0000000000000000       0x1b
 .debug_pubnames
                0x0000000000000000       0x1b Output/Release/Obj/de2_115_test/main.o

.debug_pubtypes
                0x0000000000000000       0x53
 .debug_pubtypes
                0x0000000000000000       0x53 Output/Release/Obj/de2_115_test/main.o

.debug_aranges  0x0000000000000000       0x60
 .debug_aranges
                0x0000000000000000       0x20 Output/Release/Obj/de2_115_test/main.o
 .debug_aranges
                0x0000000000000020       0x40 Output/Release/Obj/de2_115_test/riscv_crt0.o

.debug_ranges   0x0000000000000000       0x48
 .debug_ranges  0x0000000000000000       0x10 Output/Release/Obj/de2_115_test/main.o
 .debug_ranges  0x0000000000000010       0x38 Output/Release/Obj/de2_115_test/riscv_crt0.o

.debug_line     0x0000000000000000      0x56c
 .debug_line    0x0000000000000000      0x188 Output/Release/Obj/de2_115_test/main.o
 .debug_line    0x0000000000000188      0x3e4 Output/Release/Obj/de2_115_test/riscv_crt0.o

.debug_str      0x0000000000000000      0x1ec
 .debug_str     0x0000000000000000      0x18f Output/Release/Obj/de2_115_test/main.o
                                        0x198 (size before relaxing)
 .debug_str     0x000000000000018f       0x5d Output/Release/Obj/de2_115_test/riscv_crt0.o
                                         0x9a (size before relaxing)

.comment        0x0000000000000000       0x41
 .comment       0x0000000000000000       0x41 Output/Release/Obj/de2_115_test/main.o
                                         0x42 (size before relaxing)
 .comment       0x0000000000000041       0x42 D:/Uni/SEGGER/SEGGER Embedded Studio for RISC-V 6.22a/lib/prinops_semihost_rv32i_balanced.a(SEGGER_SEMIHOST.o)
 .comment       0x0000000000000041       0x42 D:/Uni/SEGGER/SEGGER Embedded Studio for RISC-V 6.22a/lib/prinops_semihost_rv32i_balanced.a(SEGGER_SEMIHOST_Generic.o)
 .comment       0x0000000000000041       0x42 D:/Uni/SEGGER/SEGGER Embedded Studio for RISC-V 6.22a/lib/prinops_semihostformatted_rv32i_balanced.o
 .comment       0x0000000000000041       0x42 D:/Uni/SEGGER/SEGGER Embedded Studio for RISC-V 6.22a/lib/heapops_basic_rv32i_balanced.a(heapops_basic.o)

.riscv.attributes
                0x0000000000000000       0x20
 .riscv.attributes
                0x0000000000000000       0x1c Output/Release/Obj/de2_115_test/main.o
 .riscv.attributes
                0x000000000000001c       0x1e Output/Release/Obj/de2_115_test/riscv_crt0.o
 .riscv.attributes
                0x000000000000003a       0x1c D:/Uni/SEGGER/SEGGER Embedded Studio for RISC-V 6.22a/lib/prinops_semihost_rv32i_balanced.a(SEGGER_SEMIHOST.o)
 .riscv.attributes
                0x0000000000000056       0x1c D:/Uni/SEGGER/SEGGER Embedded Studio for RISC-V 6.22a/lib/prinops_semihost_rv32i_balanced.a(SEGGER_SEMIHOST_Generic.o)
 .riscv.attributes
                0x0000000000000072       0x1c D:/Uni/SEGGER/SEGGER Embedded Studio for RISC-V 6.22a/lib/prinops_semihostformatted_rv32i_balanced.o
 .riscv.attributes
                0x000000000000008e       0x1c D:/Uni/SEGGER/SEGGER Embedded Studio for RISC-V 6.22a/lib/heapops_basic_rv32i_balanced.a(heapops_basic.o)
